[nec.netease.com/standard.html]
[backblue.gif]
[fade.gif]
[index.html]
[nec.netease.com/pub/core21cf.css]
[nec.netease.com/img/favicon.ico]
[nec.netease.com/img/touchicon.png]
[nec.netease.com/framework.html]
[nec.netease.com/index.html]
[nec.netease.com/library.html]
[nec.netease.com/plugin.html]
[nec.netease.com/case.html]
[nec.netease.com/standard/css-sort.html]
[nec.netease.com/standard/html-structure.html]
[nec.netease.com/standard/wd-ready.html]
[nec.netease.com/about.html]
[nec.netease.com/standard.html]
[nec.netease.com/license.txt]
[nec.netease.com/img/bg/hd8ee9.png]
[nec.netease.com/img/bg/nav8ee9.png]
[nec.netease.com/img/bg/bn8ee9.jpg]
[nec.netease.com/img/bg/dotx8ee9.png]
[nec.netease.com/img/bg/doty8ee9.png]
[nec.netease.com/img/bg/banner8ee9.jpg]
[nec.netease.com/img/bg/pao8ee9.png]
[nec.netease.com/img/bg/icn15cbe.png]
[nec.netease.com/img/bg/line8ee9.png]
[nec.netease.com/img/bg/icn2a8ee9.png]
[nec.netease.com/img/bg/icn28ee9.png]
[nec.netease.com/img/bg/load8ee9.gif]
[nec.netease.com/pub/core21cf.css]
[nec.netease.com/index.html]
[nec.netease.com/book.html]
[nec.netease.com/framework/css-reset.html]
[nec.netease.com/framework/css-function.html]
[nec.netease.com/framework/css-media.html]
[nec.netease.com/framework/css-animation.html]
[nec.netease.com/framework/html-template.html]
[nec.netease.com/framework.html]
[nec.netease.com/framework/html-email.html]
[nec.netease.com/library/category/grid.html]
[nec.netease.com/library/category/module.html]
[nec.netease.com/library/category/unit.html]
[nec.netease.com/library/category/bug.html]
[nec.netease.com/library/category/skill.html]
[nec.netease.com/library.html]
[nec.netease.com/library/category/animation.html]
[nec.netease.com/plugin/eclipse-download.html]
[nec.netease.com/plugin/eclipse-download2.html]
[nec.netease.com/plugin/vim-download.html]
[nec.netease.com/plugin.html]
[nec.netease.com/plugin/sublime-download.html]
[nec.netease.com/img/case/istyle.png]
[nec.netease.com/img/case/photo.png]
[nec.netease.com/img/case/hi.png]
[nec.netease.com/img/case/sy.png]
[nec.netease.com/img/case/yuedu.png]
[nec.netease.com/img/case/fm.png]
[nec.netease.com/img/case/lofter.png]
[nec.netease.com/img/case/quan.png]
[nec.netease.com/case.html]
[nec.netease.com/standard/css-name.html]
[nec.netease.com/standard/css-format.html]
[nec.netease.com/standard/css-optimize.html]
[nec.netease.com/standard/css-practice.html]
[nec.netease.com/standard/css-error.html]
[nec.netease.com/standard/css-sort.html]
[nec.netease.com/pub/pp_standard_css-sort8bbf.js]
[nec.netease.com/standard/html-format.html]
[nec.netease.com/standard/html-content.html]
[nec.netease.com/standard/html-email.html]
[nec.netease.com/standard/html-structure.html]
[nec.netease.com/pub/pp_standard_html-structure8bbf.js]
[nec.netease.com/standard/wd-doing.html]
[nec.netease.com/standard/wd-ready.html]
[nec.netease.com/about.html]
[nec.netease.com/standard/wd-output.html]
[nec.netease.com/pub/core9277.js]
[nec.netease.com/download/book/nec.ibooks]
[nec.netease.com/img/book/ibooks.png]
[nec.netease.com/download/book/nec.pdf]
[nec.netease.com/img/book/pdf.png]
[nec.netease.com/img/book/cover1.jpg]
[nec.netease.com/img/book/cover2.jpg]
[nec.netease.com/img/book/cover3.jpg]
[nec.netease.com/book.html]
[nec.netease.com/download/framework/reset.css]
[nec.netease.com/framework/css-reset.html]
[nec.netease.com/pub/pp_framework_css-reset8bbf.js]
[nec.netease.com/download/framework/function.css]
[nec.netease.com/framework/css-function.html]
[nec.netease.com/pub/pp_framework_css-function8bbf.js]
[nec.netease.com/download/framework/media.css]
[nec.netease.com/framework/css-media.html]
[nec.netease.com/pub/pp_framework_css-media8bbf.js]
[nec.netease.com/download/framework/animation.css]
[nec.netease.com/library/category/index.html]
[nec.netease.com/framework/css-animation.html]
[nec.netease.com/pub/pp_framework_css-animation8bbf.js]
[nec.netease.com/download/framework/template.html]
[nec.netease.com/framework/html-template.html]
[nec.netease.com/pub/pp_framework_html-template8bbf.js]
[nec.netease.com/download/framework/email.html]
[nec.netease.com/framework/html-email.html]
[nec.netease.com/pub/pp_framework_html-email8bbf.js]
[nec.netease.com/library/101023.html]
[nec.netease.com/dfs/101023/thumb.png]
[nec.netease.com/library/101023/1.html]
[nec.netease.com/library/101022.html]
[nec.netease.com/dfs/101022/thumb.png]
[nec.netease.com/library/101022/1.html]
[nec.netease.com/library/101021.html]
[nec.netease.com/dfs/101021/thumb.png]
[nec.netease.com/library/101021/1.html]
[nec.netease.com/library/101121.html]
[nec.netease.com/dfs/101121/thumb.png]
[nec.netease.com/library/101121/1.html]
[nec.netease.com/library/101119.html]
[nec.netease.com/dfs/101119/thumb.png]
[nec.netease.com/library/101119/1.html]
[nec.netease.com/library/101120.html]
[nec.netease.com/dfs/101120/thumb.png]
[nec.netease.com/library/category/grid.html]
[nec.netease.com/library/101120/1.html]
[nec.netease.com/library/111024.html]
[nec.netease.com/dfs/111024/thumb.png]
[nec.netease.com/library/111024/1.html]
[nec.netease.com/library/111030.html]
[nec.netease.com/dfs/111030/thumb.png]
[nec.netease.com/library/111030/1.html]
[nec.netease.com/library/111030/3.html]
[nec.netease.com/library/111125.html]
[nec.netease.com/dfs/111125/thumb.png]
[nec.netease.com/library/111125/1.html]
[nec.netease.com/library/111126.html]
[nec.netease.com/dfs/111126/thumb.png]
[nec.netease.com/library/111126/1.html]
[nec.netease.com/library/111127.html]
[nec.netease.com/dfs/111127/thumb.png]
[nec.netease.com/library/111127/1.html]
[nec.netease.com/library/111127/3.html]
[nec.netease.com/library/111129.html]
[nec.netease.com/dfs/111129/thumb.png]
[nec.netease.com/library/111129/1.html]
[nec.netease.com/library/111130.html]
[nec.netease.com/dfs/111130/thumb.png]
[nec.netease.com/library/111130/1.html]
[nec.netease.com/library/111228.html]
[nec.netease.com/dfs/111228/thumb.png]
[nec.netease.com/library/111228/1.html]
[nec.netease.com/library/111228/2.html]
[nec.netease.com/library/111228/3.html]
[nec.netease.com/library/111313.html]
[nec.netease.com/dfs/111313/thumb.png]
[nec.netease.com/library/111313/1.html]
[nec.netease.com/library/111414.html]
[nec.netease.com/dfs/111414/thumb.png]
[nec.netease.com/library/111414/1.html]
[nec.netease.com/library/111414/3.html]
[nec.netease.com/library/111515.html]
[nec.netease.com/dfs/111515/thumb.png]
[nec.netease.com/library/111515/1.html]
[nec.netease.com/library/111515/2.html]
[nec.netease.com/library/111515/3.html]
[nec.netease.com/library/111616.html]
[nec.netease.com/dfs/111616/thumb.png]
[nec.netease.com/library/111616/1.html]
[nec.netease.com/library/111616/2.html]
[nec.netease.com/library/111616/3.html]
[nec.netease.com/library/111717.html]
[nec.netease.com/dfs/111717/thumb.png]
[nec.netease.com/library/111717/1.html]
[nec.netease.com/library/111717/2.html]
[nec.netease.com/library/category/module.html]
[nec.netease.com/library/111717/3.html]
[nec.netease.com/library/121010.html]
[nec.netease.com/dfs/121010/thumb.png]
[nec.netease.com/library/121010/1.html]
[nec.netease.com/library/121010/2.html]
[nec.netease.com/library/121010/3.html]
[nec.netease.com/library/121013.html]
[nec.netease.com/dfs/121013/thumb.png]
[nec.netease.com/library/121013/1.html]
[nec.netease.com/library/121013/2.html]
[nec.netease.com/library/121013/3.html]
[nec.netease.com/library/121111.html]
[nec.netease.com/dfs/121111/thumb.png]
[nec.netease.com/library/121111/1.html]
[nec.netease.com/library/121212.html]
[nec.netease.com/dfs/121212/thumb.png]
[nec.netease.com/library/121212/1.html]
[nec.netease.com/library/121311.html]
[nec.netease.com/dfs/121311/thumb.png]
[nec.netease.com/library/121311/1.html]
[nec.netease.com/library/121311/2.html]
[nec.netease.com/library/121311/3.html]
[nec.netease.com/library/121411.html]
[nec.netease.com/dfs/121411/thumb.png]
[nec.netease.com/library/121411/1.html]
[nec.netease.com/library/121411/2.html]
[nec.netease.com/library/121411/3.html]
[nec.netease.com/dfs/121510/thumb.png]
[nec.netease.com/library/121510.html]
[nec.netease.com/library/121510/1.html]
[nec.netease.com/library/121510/2.html]
[nec.netease.com/library/121511.html]
[nec.netease.com/dfs/121511/thumb.png]
[nec.netease.com/library/121511/1.html]
[nec.netease.com/library/121511/2.html]
[nec.netease.com/library/121610.html]
[nec.netease.com/dfs/121610/thumb.png]
[nec.netease.com/library/121610/1.html]
[nec.netease.com/library/121610/2.html]
[nec.netease.com/library/category/unit.html]
[nec.netease.com/library/121610/3.html]
[nec.netease.com/library/131023.html]
[nec.netease.com/dfs/131023/thumb.png]
[nec.netease.com/library/131023/1.html]
[nec.netease.com/library/131024.html]
[nec.netease.com/dfs/131024/thumb.png]
[nec.netease.com/library/131024/1.html]
[nec.netease.com/library/131027.html]
[nec.netease.com/dfs/131027/thumb.png]
[nec.netease.com/library/131027/1.html]
[nec.netease.com/library/131028.html]
[nec.netease.com/dfs/131028/thumb.png]
[nec.netease.com/library/131028/1.html]
[nec.netease.com/library/131120.html]
[nec.netease.com/dfs/131120/thumb.png]
[nec.netease.com/library/131120/1.html]
[nec.netease.com/library/131121.html]
[nec.netease.com/dfs/131121/thumb.png]
[nec.netease.com/library/131121/1.html]
[nec.netease.com/library/131222.html]
[nec.netease.com/dfs/131222/thumb.png]
[nec.netease.com/library/131222/1.html]
[nec.netease.com/library/131225.html]
[nec.netease.com/dfs/131225/thumb.png]
[nec.netease.com/library/category/bug.html]
[nec.netease.com/library/131225/1.html]
[nec.netease.com/library/141026.html]
[nec.netease.com/dfs/141026/thumb.png]
[nec.netease.com/library/141026/1.html]
[nec.netease.com/library/141027.html]
[nec.netease.com/dfs/141027/thumb.png]
[nec.netease.com/library/141027/1.html]
[nec.netease.com/library/141028.html]
[nec.netease.com/dfs/141028/thumb.png]
[nec.netease.com/library/141028/1.html]
[nec.netease.com/library/141122.html]
[nec.netease.com/dfs/141122/thumb.png]
[nec.netease.com/library/141122/1.html]
[nec.netease.com/library/141123.html]
[nec.netease.com/dfs/141123/thumb.png]
[nec.netease.com/library/141123/1.html]
[nec.netease.com/library/141124.html]
[nec.netease.com/dfs/141124/thumb.png]
[nec.netease.com/library/141124/1.html]
[nec.netease.com/library/141125.html]
[nec.netease.com/dfs/141125/thumb.png]
[nec.netease.com/library/141125/1.html]
[nec.netease.com/library/141128.html]
[nec.netease.com/dfs/141128/thumb.png]
[nec.netease.com/library/141128/1.html]
[nec.netease.com/library/141220.html]
[nec.netease.com/dfs/141220/thumb.png]
[nec.netease.com/library/141220/1.html]
[nec.netease.com/library/141221.html]
[nec.netease.com/dfs/141221/thumb.png]
[nec.netease.com/library/141221/1.html]
[nec.netease.com/library/141221/3.html]
[nec.netease.com/library/141231.html]
[nec.netease.com/dfs/141231/thumb.png]
[nec.netease.com/library/141231/3.html]
[nec.netease.com/library/141232.html]
[nec.netease.com/dfs/141232/thumb.png]
[nec.netease.com/library/141232/3.html]
[nec.netease.com/library/category/skill.html]
[nec.netease.com/library/151001.html]
[nec.netease.com/dfs/151001/thumb.png]
[nec.netease.com/library/151001/3.html]
[nec.netease.com/library/151002.html]
[nec.netease.com/dfs/151002/thumb.png]
[nec.netease.com/library/151002/3.html]
[nec.netease.com/library/151003.html]
[nec.netease.com/dfs/151003/thumb.png]
[nec.netease.com/library/151003/3.html]
[nec.netease.com/library/151004.html]
[nec.netease.com/dfs/151004/thumb.png]
[nec.netease.com/library/151004/3.html]
[nec.netease.com/library/151005.html]
[nec.netease.com/dfs/151005/thumb.png]
[nec.netease.com/library/151005/3.html]
[nec.netease.com/library/151111.html]
[nec.netease.com/dfs/151111/thumb.png]
[nec.netease.com/library/151111/3.html]
[nec.netease.com/library/151112.html]
[nec.netease.com/dfs/151112/thumb.png]
[nec.netease.com/library/151112/3.html]
[nec.netease.com/library/151113.html]
[nec.netease.com/dfs/151113/thumb.png]
[nec.netease.com/library/151113/3.html]
[nec.netease.com/library/151114.html]
[nec.netease.com/dfs/151114/thumb.png]
[nec.netease.com/library/151114/3.html]
[nec.netease.com/library/151115.html]
[nec.netease.com/dfs/151115/thumb.png]
[nec.netease.com/library/151115/3.html]
[nec.netease.com/library/151221.html]
[nec.netease.com/dfs/151221/thumb.png]
[nec.netease.com/library/151221/3.html]
[nec.netease.com/library/151222.html]
[nec.netease.com/dfs/151222/thumb.png]
[nec.netease.com/library/151222/3.html]
[nec.netease.com/library/151223.html]
[nec.netease.com/dfs/151223/thumb.png]
[nec.netease.com/library/151223/3.html]
[nec.netease.com/library/151224.html]
[nec.netease.com/dfs/151224/thumb.png]
[nec.netease.com/library/151224/3.html]
[nec.netease.com/library/151225.html]
[nec.netease.com/dfs/151225/thumb.png]
[nec.netease.com/library/151225/3.html]
[nec.netease.com/library/151331.html]
[nec.netease.com/dfs/151331/thumb.png]
[nec.netease.com/library/151331/3.html]
[nec.netease.com/library/151332.html]
[nec.netease.com/dfs/151332/thumb.png]
[nec.netease.com/library/151332/3.html]
[nec.netease.com/library/151333.html]
[nec.netease.com/dfs/151333/thumb.png]
[nec.netease.com/library/151333/3.html]
[nec.netease.com/library/151334.html]
[nec.netease.com/dfs/151334/thumb.png]
[nec.netease.com/library/151334/3.html]
[nec.netease.com/library/151335.html]
[nec.netease.com/dfs/151335/thumb.png]
[nec.netease.com/library/151335/3.html]
[nec.netease.com/library/151441.html]
[nec.netease.com/dfs/151441/thumb.png]
[nec.netease.com/library/151441/3.html]
[nec.netease.com/library/151442.html]
[nec.netease.com/dfs/151442/thumb.png]
[nec.netease.com/library/151442/3.html]
[nec.netease.com/library/151443.html]
[nec.netease.com/dfs/151443/thumb.png]
[nec.netease.com/library/151443/3.html]
[nec.netease.com/library/151444.html]
[nec.netease.com/dfs/151444/thumb.png]
[nec.netease.com/library/151444/3.html]
[nec.netease.com/library/151445.html]
[nec.netease.com/dfs/151445/thumb.png]
[nec.netease.com/library/151445/3.html]
[nec.netease.com/library/151551.html]
[nec.netease.com/dfs/151551/thumb.png]
[nec.netease.com/library/151551/3.html]
[nec.netease.com/library/151552.html]
[nec.netease.com/dfs/151552/thumb.png]
[nec.netease.com/library/151552/3.html]
[nec.netease.com/library/151553.html]
[nec.netease.com/dfs/151553/thumb.png]
[nec.netease.com/library/151553/3.html]
[nec.netease.com/library/151554.html]
[nec.netease.com/dfs/151554/thumb.png]
[nec.netease.com/library/151554/3.html]
[nec.netease.com/library/151555.html]
[nec.netease.com/dfs/151555/thumb.png]
[nec.netease.com/library/151555/3.html]
[nec.netease.com/library/151661.html]
[nec.netease.com/dfs/151661/thumb.png]
[nec.netease.com/library/151661/3.html]
[nec.netease.com/library/151662.html]
[nec.netease.com/dfs/151662/thumb.png]
[nec.netease.com/library/151662/3.html]
[nec.netease.com/library/151663.html]
[nec.netease.com/dfs/151663/thumb.png]
[nec.netease.com/library/151663/3.html]
[nec.netease.com/library/151664.html]
[nec.netease.com/dfs/151664/thumb.png]
[nec.netease.com/library/151664/3.html]
[nec.netease.com/library/151665.html]
[nec.netease.com/dfs/151665/thumb.png]
[nec.netease.com/library/151665/3.html]
[nec.netease.com/library/151771.html]
[nec.netease.com/dfs/151771/thumb.png]
[nec.netease.com/library/151771/3.html]
[nec.netease.com/library/151772.html]
[nec.netease.com/dfs/151772/thumb.png]
[nec.netease.com/library/151772/3.html]
[nec.netease.com/library/151773.html]
[nec.netease.com/dfs/151773/thumb.png]
[nec.netease.com/library/151773/3.html]
[nec.netease.com/library/151774.html]
[nec.netease.com/dfs/151774/thumb.png]
[nec.netease.com/library/151774/3.html]
[nec.netease.com/library/151775.html]
[nec.netease.com/dfs/151775/thumb.png]
[nec.netease.com/library/151775/3.html]
[nec.netease.com/library/151776.html]
[nec.netease.com/dfs/151776/thumb.png]
[nec.netease.com/library/151776/3.html]
[nec.netease.com/library/category/animation.html]
[nec.netease.com/plugin/eclipse-install.html]
[nec.netease.com/plugin/eclipse-use.html]
[nec.netease.com/plugin/eclipse-download.html]
[nec.netease.com/plugin/eclipse-install2.html]
[nec.netease.com/plugin/eclipse-use2.html]
[nec.netease.com/download/plugin/eclipse/nec-plugin-eclipse-snippets.xml]
[nec.netease.com/download/plugin/eclipse/nec-plugin-eclipse-html.xml]
[nec.netease.com/plugin/eclipse-download2.html]
[nec.netease.com/plugin/vim-install.html]
[nec.netease.com/download/plugin/eclipse/nec-plugin-eclipse-css.xml]
[nec.netease.com/plugin/vim-use.html]
[nec.netease.com/download/plugin/vim/nec-plugin-vim-html.snippets]
[nec.netease.com/download/plugin/vim/nec-plugin-vim-css.snippets]
[nec.netease.com/plugin/vim-download.html]
[nec.netease.com/plugin/sublime-install.html]
[nec.netease.com/plugin/sublime-use.html]
[nec.netease.com/download/plugin/sublime/nec-plugin-sublime-snippets.zip]
[nec.netease.com/plugin/sublime-download.html]
[nec.netease.com/pub/pp_standard_css-name8bbf.js]
[nec.netease.com/standard/css-name.html]
[nec.netease.com/pub/pp_standard_css-format8bbf.js]
[nec.netease.com/standard/css-format.html]
[nec.netease.com/pub/pp_standard_css-optimize8bbf.js]
[nec.netease.com/standard/css-optimize.html]
[nec.netease.com/pub/pp_standard_css-practice8bbf.js]
[nec.netease.com/standard/css-practice.html]
[nec.netease.com/standard/css-error.html]
[nec.netease.com/pub/pp_standard_html-format8bbf.js]
[nec.netease.com/standard/html-format.html]
[nec.netease.com/standard/html-content.html]
[nec.netease.com/pub/pp_standard_html-email8bbf.js]
[nec.netease.com/standard/html-email.html]
[nec.netease.com/standard/wd-doing.html]
[nec.netease.com/standard/wd-output.html]
[nec.netease.com/download/framework/reset.css]
[nec.netease.com/download/framework/function.css]
[nec.netease.com/download/framework/media.css]
[nec.netease.com/library/category/index.html]
[nec.netease.com/download/framework/animation.css]
[nec.netease.com/pub/pt_libraryCategory919d.js]
[nec.netease.com/download/framework/css/style.18a.delayed]
[nec.netease.com/download/framework/img/favicon.ico]
[nec.netease.com/download/framework/img/touchicon.png]
[nec.netease.com/download/framework/template.html]
[nec.netease.com/download/framework/email.html]
[nec.netease.com/library/101023.html]
[nec.netease.com/library/101023/1.html]
[nec.netease.com/library/101022.html]
[nec.netease.com/library/101022/1.html]
[nec.netease.com/library/101021.html]
[nec.netease.com/library/101021/1.html]
[nec.netease.com/library/101121.html]
[nec.netease.com/library/101121/1.html]
[nec.netease.com/library/101119.html]
[nec.netease.com/library/101119/1.html]
[nec.netease.com/library/101120.html]
[nec.netease.com/library/101120/1.html]
[nec.netease.com/library/111024.html]
[nec.netease.com/library/111024/1.html]
[nec.netease.com/library/111030.html]
[nec.netease.com/library/111030/1.html]
[nec.netease.com/library/111030/3.html]
[nec.netease.com/library/111125.html]
[nec.netease.com/library/111125/1.html]
[nec.netease.com/library/111126.html]
[nec.netease.com/library/111126/1.html]
[nec.netease.com/library/111127.html]
[nec.netease.com/library/111127/1.html]
[nec.netease.com/library/111127/3.html]
[nec.netease.com/library/111129.html]
[nec.netease.com/library/111129/1.html]
[nec.netease.com/library/111130.html]
[nec.netease.com/library/111130/1.html]
[nec.netease.com/library/111228.html]
[nec.netease.com/library/111228/1.html]
[nec.netease.com/library/111228/2.html]
[nec.netease.com/library/111228/3.html]
[nec.netease.com/library/111313.html]
[nec.netease.com/library/111313/1.html]
[nec.netease.com/library/111414.html]
[nec.netease.com/library/111414/1.html]
[nec.netease.com/library/111414/3.html]
[nec.netease.com/library/111515.html]
[nec.netease.com/library/111515/1.html]
[nec.netease.com/library/111515/2.html]
[nec.netease.com/library/111515/3.html]
[nec.netease.com/library/111616.html]
[nec.netease.com/library/111616/1.html]
[nec.netease.com/library/111616/2.html]
[nec.netease.com/library/111616/3.html]
[nec.netease.com/library/111717.html]
[nec.netease.com/library/111717/1.html]
[nec.netease.com/library/111717/2.html]
[nec.netease.com/library/111717/3.html]
[nec.netease.com/library/121010.html]
[nec.netease.com/library/121010/1.html]
[nec.netease.com/library/121010/2.html]
[nec.netease.com/library/121010/3.html]
[nec.netease.com/library/121013.html]
[nec.netease.com/library/121013/1.html]
[nec.netease.com/library/121013/2.html]
[nec.netease.com/library/121013/3.html]
[nec.netease.com/library/121111.html]
[nec.netease.com/library/121111/1.html]
[nec.netease.com/library/121212.html]
[nec.netease.com/library/121212/1.html]
[nec.netease.com/library/121311.html]
[nec.netease.com/library/121311/1.html]
[nec.netease.com/library/121311/2.html]
[nec.netease.com/library/121311/3.html]
[nec.netease.com/library/121411.html]
[nec.netease.com/library/121411/1.html]
[nec.netease.com/library/121411/2.html]
[nec.netease.com/library/121411/3.html]
[nec.netease.com/library/121510.html]
[nec.netease.com/library/121510/1.html]
[nec.netease.com/library/121510/2.html]
[nec.netease.com/library/121511.html]
[nec.netease.com/library/121511/1.html]
[nec.netease.com/library/121511/2.html]
[nec.netease.com/library/121610.html]
[nec.netease.com/library/121610/1.html]
[nec.netease.com/library/121610/2.html]
[nec.netease.com/library/121610/3.html]
[nec.netease.com/library/131023.html]
[nec.netease.com/library/131023/1.html]
[nec.netease.com/library/131024.html]
[nec.netease.com/library/131024/1.html]
[nec.netease.com/library/131027.html]
[nec.netease.com/library/131027/1.html]
[nec.netease.com/library/131028.html]
[nec.netease.com/library/131028/1.html]
[nec.netease.com/library/131120.html]
[nec.netease.com/library/131120/1.html]
[nec.netease.com/library/131121.html]
[nec.netease.com/library/131121/1.html]
[nec.netease.com/library/131222.html]
[nec.netease.com/library/131222/1.html]
[nec.netease.com/library/131225.html]
[nec.netease.com/library/131225/1.html]
[nec.netease.com/library/141026.html]
[nec.netease.com/library/141026/1.html]
[nec.netease.com/library/141027.html]
[nec.netease.com/library/141027/1.html]
[nec.netease.com/library/141028.html]
[nec.netease.com/library/141028/1.html]
[nec.netease.com/library/141122.html]
[nec.netease.com/library/141122/1.html]
[nec.netease.com/library/141123.html]
[nec.netease.com/library/141123/1.html]
[nec.netease.com/library/141124.html]
[nec.netease.com/library/141124/1.html]
[nec.netease.com/library/141125.html]
[nec.netease.com/library/141125/1.html]
[nec.netease.com/library/141128.html]
[nec.netease.com/library/141128/1.html]
[nec.netease.com/library/141220.html]
[nec.netease.com/library/141220/1.html]
[nec.netease.com/library/141221.html]
[nec.netease.com/library/141221/1.html]
[nec.netease.com/library/141221/3.html]
[nec.netease.com/library/141231.html]
[nec.netease.com/library/141231/3.html]
[nec.netease.com/library/141232.html]
[nec.netease.com/library/141232/3.html]
[nec.netease.com/library/151001.html]
[nec.netease.com/library/151001/3.html]
[nec.netease.com/library/151002.html]
[nec.netease.com/library/151002/3.html]
[nec.netease.com/library/151003.html]
[nec.netease.com/library/151003/3.html]
[nec.netease.com/library/151004.html]
[nec.netease.com/library/151004/3.html]
[nec.netease.com/library/151005.html]
[nec.netease.com/library/151005/3.html]
[nec.netease.com/library/151111.html]
[nec.netease.com/library/151111/3.html]
[nec.netease.com/library/151112.html]
[nec.netease.com/library/151112/3.html]
[nec.netease.com/library/151113.html]
[nec.netease.com/library/151113/3.html]
[nec.netease.com/library/151114.html]
[nec.netease.com/library/151114/3.html]
[nec.netease.com/library/151115.html]
[nec.netease.com/library/151115/3.html]
[nec.netease.com/library/151221.html]
[nec.netease.com/library/151221/3.html]
[nec.netease.com/library/151222.html]
[nec.netease.com/library/151222/3.html]
[nec.netease.com/library/151223.html]
[nec.netease.com/library/151223/3.html]
[nec.netease.com/library/151224.html]
[nec.netease.com/library/151224/3.html]
[nec.netease.com/library/151225.html]
[nec.netease.com/library/151225/3.html]
[nec.netease.com/library/151331.html]
[nec.netease.com/library/151331/3.html]
[nec.netease.com/library/151332.html]
[nec.netease.com/library/151332/3.html]
[nec.netease.com/library/151333.html]
[nec.netease.com/library/151333/3.html]
[nec.netease.com/library/151334.html]
[nec.netease.com/library/151334/3.html]
[nec.netease.com/library/151335.html]
[nec.netease.com/library/151335/3.html]
[nec.netease.com/library/151441.html]
[nec.netease.com/library/151441/3.html]
[nec.netease.com/library/151442.html]
[nec.netease.com/library/151442/3.html]
[nec.netease.com/library/151443.html]
[nec.netease.com/library/151443/3.html]
[nec.netease.com/library/151444.html]
[nec.netease.com/library/151444/3.html]
[nec.netease.com/library/151445.html]
[nec.netease.com/library/151445/3.html]
[nec.netease.com/library/151551.html]
[nec.netease.com/library/151551/3.html]
[nec.netease.com/library/151552.html]
[nec.netease.com/library/151552/3.html]
[nec.netease.com/library/151553.html]
[nec.netease.com/library/151553/3.html]
[nec.netease.com/library/151554.html]
[nec.netease.com/library/151554/3.html]
[nec.netease.com/library/151555.html]
[nec.netease.com/library/151555/3.html]
[nec.netease.com/library/151661.html]
[nec.netease.com/library/151661/3.html]
[nec.netease.com/library/151662.html]
[nec.netease.com/library/151662/3.html]
[nec.netease.com/library/151663.html]
[nec.netease.com/library/151663/3.html]
[nec.netease.com/library/151664.html]
[nec.netease.com/library/151664/3.html]
[nec.netease.com/library/151665.html]
[nec.netease.com/library/151665/3.html]
[nec.netease.com/library/151771.html]
[nec.netease.com/library/151771/3.html]
[nec.netease.com/library/151772.html]
[nec.netease.com/library/151772/3.html]
[nec.netease.com/library/151773.html]
[nec.netease.com/library/151773/3.html]
[nec.netease.com/library/151774.html]
[nec.netease.com/library/151774/3.html]
[nec.netease.com/library/151775.html]
[nec.netease.com/library/151775/3.html]
[nec.netease.com/library/151776.html]
[nec.netease.com/library/151776/3.html]
[nec.netease.com/pub/pt_library9e48.js]
[nec.netease.com/img/plugin/eclipse-install4.jpg]
[nec.netease.com/img/plugin/eclipse-install5.jpg]
[nec.netease.com/img/plugin/eclipse-install6.jpg]
[nec.netease.com/img/plugin/eclipse-install7.jpg]
[nec.netease.com/plugin/eclipse-install.html]
[nec.netease.com/img/plugin/eclipse-use2.jpg]
[nec.netease.com/plugin/eclipse-use.html]
[nec.netease.com/img/plugin/eclipse-install2.jpg]
[nec.netease.com/plugin/eclipse-install2.html]
[nec.netease.com/img/plugin/eclipse-use1.jpg]
[nec.netease.com/plugin/eclipse-use2.html]
[nec.netease.com/plugin/vim-install.html]
[nec.netease.com/img/plugin/vim_use1.jpg]
[nec.netease.com/img/plugin/vim_use3.jpg]
[nec.netease.com/plugin/vim-use.html]
[nec.netease.com/img/plugin/sublime-install1.jpg]
[nec.netease.com/plugin/sublime-install.html]
[nec.netease.com/img/plugin/sublime-use1.jpg]
[nec.netease.com/img/plugin/sublime-use2.jpg]
[nec.netease.com/plugin/sublime-use.html]
[nec.netease.com/download/framework/css/style.html]
[nec.netease.com/download/framework/img/favicon.html]
[nec.netease.com/download/framework/img/touchicon.html]
